// Vitest Snapshot v1, https://vitest.dev/guide/snapshot.html

exports[`DropdownThird Component > matches the snapshot 1`] = `
<DocumentFragment>
  <div
    class="dropdown-container-three"
  >
    <div
      class="dropdown-header"
    >
      <div
        style="flex-direction: column; display: flex; align-items: flex-start;"
      >
        <div
          class="dropdown-title"
        >
          India VIX
        </div>
        <div
          class="dropdown-value"
        >
          12.92
          <span
            class="green"
          >
             0.00
          </span>
           
        </div>
      </div>
    </div>
  </div>
</DocumentFragment>
`;
